// Jest Snapshot v1, https://goo.gl/fbAQLP

exports[`test workflow stack 1`] = `
Object {
  "Resources": Object {
    "SentimentTablesentimentTable1EF764C0": Object {
      "Properties": Object {
        "CatalogId": Object {
          "Ref": "AWS::AccountId",
        },
        "DatabaseName": Object {
          "Ref": "TestDB27CDA92F",
        },
        "TableInput": Object {
          "Description": "sentiment generated by CDK",
          "Name": "sentiment",
          "Parameters": Object {
            "classification": "parquet",
            "has_encrypted_data": false,
          },
          "PartitionKeys": Array [
            Object {
              "Name": "created_at",
              "Type": "timestamp",
            },
          ],
          "StorageDescriptor": Object {
            "Columns": Array [
              Object {
                "Name": "account_name",
                "Type": "string",
              },
              Object {
                "Name": "platform",
                "Type": "string",
              },
              Object {
                "Name": "search_query",
                "Type": "string",
              },
              Object {
                "Name": "id_str",
                "Type": "string",
              },
              Object {
                "Name": "text",
                "Type": "string",
              },
              Object {
                "Name": "translated_text",
                "Type": "string",
              },
              Object {
                "Name": "sentiment",
                "Type": "string",
              },
              Object {
                "Name": "sentimentposscore",
                "Type": "double",
              },
              Object {
                "Name": "sentimentnegscore",
                "Type": "double",
              },
              Object {
                "Name": "sentimentneuscore",
                "Type": "double",
              },
              Object {
                "Name": "sentimentmixscore",
                "Type": "double",
              },
            ],
            "Compressed": false,
            "InputFormat": "org.apache.hadoop.hive.ql.io.parquet.MapredParquetInputFormat",
            "Location": Object {
              "Fn::Join": Array [
                "",
                Array [
                  "s3://",
                  Object {
                    "Ref": "TestBucket560B80BC",
                  },
                  "/sentiment/",
                ],
              ],
            },
            "OutputFormat": "org.apache.hadoop.hive.ql.io.parquet.MapredParquetOutputFormat",
            "SerdeInfo": Object {
              "SerializationLibrary": "org.apache.hadoop.hive.ql.io.parquet.serde.ParquetHiveSerDe",
            },
            "StoredAsSubDirectories": true,
          },
          "TableType": "EXTERNAL_TABLE",
        },
      },
      "Type": "AWS::Glue::Table",
    },
    "TestBucket560B80BC": Object {
      "DeletionPolicy": "Retain",
      "Type": "AWS::S3::Bucket",
      "UpdateReplacePolicy": "Retain",
    },
    "TestDB27CDA92F": Object {
      "Properties": Object {
        "CatalogId": Object {
          "Ref": "AWS::AccountId",
        },
        "DatabaseInput": Object {
          "Name": "socialmediadb",
        },
      },
      "Type": "AWS::Glue::Database",
    },
  },
}
`;
