// Jest Snapshot v1, https://goo.gl/fbAQLP

exports[`Event Bus creation 1`] = `
Object {
  "Parameters": Object {
    "AssetParameters264a554884ca03dba7dd0c9045b116252a9f53b56027cfd8b337d609b3e23fb0ArtifactHash61FD114B": Object {
      "Description": "Artifact hash for asset \\"264a554884ca03dba7dd0c9045b116252a9f53b56027cfd8b337d609b3e23fb0\\"",
      "Type": "String",
    },
    "AssetParameters264a554884ca03dba7dd0c9045b116252a9f53b56027cfd8b337d609b3e23fb0S3Bucket71199E81": Object {
      "Description": "S3 bucket for asset \\"264a554884ca03dba7dd0c9045b116252a9f53b56027cfd8b337d609b3e23fb0\\"",
      "Type": "String",
    },
    "AssetParameters264a554884ca03dba7dd0c9045b116252a9f53b56027cfd8b337d609b3e23fb0S3VersionKey7F9EA7BA": Object {
      "Description": "S3 key for asset version \\"264a554884ca03dba7dd0c9045b116252a9f53b56027cfd8b337d609b3e23fb0\\"",
      "Type": "String",
    },
    "AssetParametersbb4eeb24bfa2713ce5b74bd6fdf977bd05f2b4cbbb445d39ad501a8bae80b3dfArtifactHash3A880940": Object {
      "Description": "Artifact hash for asset \\"bb4eeb24bfa2713ce5b74bd6fdf977bd05f2b4cbbb445d39ad501a8bae80b3df\\"",
      "Type": "String",
    },
    "AssetParametersbb4eeb24bfa2713ce5b74bd6fdf977bd05f2b4cbbb445d39ad501a8bae80b3dfS3BucketAFAB871D": Object {
      "Description": "S3 bucket for asset \\"bb4eeb24bfa2713ce5b74bd6fdf977bd05f2b4cbbb445d39ad501a8bae80b3df\\"",
      "Type": "String",
    },
    "AssetParametersbb4eeb24bfa2713ce5b74bd6fdf977bd05f2b4cbbb445d39ad501a8bae80b3dfS3VersionKey685F8A2B": Object {
      "Description": "S3 key for asset version \\"bb4eeb24bfa2713ce5b74bd6fdf977bd05f2b4cbbb445d39ad501a8bae80b3df\\"",
      "Type": "String",
    },
  },
  "Resources": Object {
    "TwitterSearchNestedStackTwitterSearchNestedStackResource6905E30B": Object {
      "DeletionPolicy": "Delete",
      "Properties": Object {
        "Parameters": Object {
          "EventBus": Object {
            "Fn::GetAtt": Array [
              "testBus07EAAD3A",
              "Arn",
            ],
          },
          "IngestQueryFrequency": "cron(0 5 * * ? *)",
          "QueryParameter": "fakequery",
          "SSMPathForCredentials": "/discovering-hot-topics-using-machine-learning/discovering-hot-topics-using-machine-learning/twitter",
          "SuppertedLang": "en,es,fr",
          "referencetoAssetParameters264a554884ca03dba7dd0c9045b116252a9f53b56027cfd8b337d609b3e23fb0S3Bucket71199E81Ref": Object {
            "Ref": "AssetParameters264a554884ca03dba7dd0c9045b116252a9f53b56027cfd8b337d609b3e23fb0S3Bucket71199E81",
          },
          "referencetoAssetParameters264a554884ca03dba7dd0c9045b116252a9f53b56027cfd8b337d609b3e23fb0S3VersionKey7F9EA7BARef": Object {
            "Ref": "AssetParameters264a554884ca03dba7dd0c9045b116252a9f53b56027cfd8b337d609b3e23fb0S3VersionKey7F9EA7BA",
          },
        },
        "TemplateURL": Object {
          "Fn::Join": Array [
            "",
            Array [
              "https://s3.",
              Object {
                "Ref": "AWS::Region",
              },
              ".",
              Object {
                "Ref": "AWS::URLSuffix",
              },
              "/",
              Object {
                "Ref": "AssetParametersbb4eeb24bfa2713ce5b74bd6fdf977bd05f2b4cbbb445d39ad501a8bae80b3dfS3BucketAFAB871D",
              },
              "/",
              Object {
                "Fn::Select": Array [
                  0,
                  Object {
                    "Fn::Split": Array [
                      "||",
                      Object {
                        "Ref": "AssetParametersbb4eeb24bfa2713ce5b74bd6fdf977bd05f2b4cbbb445d39ad501a8bae80b3dfS3VersionKey685F8A2B",
                      },
                    ],
                  },
                ],
              },
              Object {
                "Fn::Select": Array [
                  1,
                  Object {
                    "Fn::Split": Array [
                      "||",
                      Object {
                        "Ref": "AssetParametersbb4eeb24bfa2713ce5b74bd6fdf977bd05f2b4cbbb445d39ad501a8bae80b3dfS3VersionKey685F8A2B",
                      },
                    ],
                  },
                ],
              },
            ],
          ],
        },
      },
      "Type": "AWS::CloudFormation::Stack",
      "UpdateReplacePolicy": "Delete",
    },
    "testBus07EAAD3A": Object {
      "Properties": Object {
        "Name": "testBus",
      },
      "Type": "AWS::Events::EventBus",
    },
  },
}
`;
